
Discarded input sections

 .bss           0x00000000        0x0 build/frameBuffer.o
 .ARM.attributes
                0x00000000       0x14 build/frameBuffer.o
 .bss           0x00000000        0x0 build/gpio.o
 .ARM.attributes
                0x00000000       0x14 build/gpio.o
 .bss           0x00000000        0x0 build/mailbox.o
 .ARM.attributes
                0x00000000       0x14 build/mailbox.o
 .bss           0x00000000        0x0 build/main.o
 .ARM.attributes
                0x00000000       0x14 build/main.o
 .bss           0x00000000        0x0 build/systemTimer.o
 .ARM.attributes
                0x00000000       0x14 build/systemTimer.o

Memory Configuration

Name             Origin             Length             Attributes
*default*        0x00000000         0xffffffff

Linker script and memory map

LOAD build/frameBuffer.o
LOAD build/gpio.o
LOAD build/mailbox.o
LOAD build/main.o
LOAD build/systemTimer.o

.init           0x00008000        0x4
 *(.init)
 .init          0x00008000        0x4 build/main.o
                0x00008000                _start

.text           0x00008004      0x224
 *(.text)
 .text          0x00008004       0x64 build/frameBuffer.o
                0x00008004                InitialiseFrameBuffer
 .text          0x00008068       0x98 build/gpio.o
                0x00008068                GetGpioAddress
                0x00008070                SetGpioFunction
                0x000080c0                SetGpio
 .text          0x00008100       0x78 build/mailbox.o
                0x00008100                GetMailboxBase
                0x00008108                MailboxWrite
                0x0000813c                MailboxRead
 .text          0x00008178       0x70 build/main.o
 .text          0x000081e8       0x40 build/systemTimer.o
                0x000081e8                GetSystemTimerBase
                0x000081f0                GetTimeStamp
                0x00008200                Wait

.data           0x00008230       0x58
 *(.data)
 .data          0x00008230       0x58 build/frameBuffer.o
                0x00008230                FrameBufferInfo
 .data          0x00008288        0x0 build/gpio.o
 .data          0x00008288        0x0 build/mailbox.o
 .data          0x00008288        0x0 build/main.o
 .data          0x00008288        0x0 build/systemTimer.o

/DISCARD/
 *(*)
OUTPUT(build/output.elf elf32-littlearm)
